Question 1:

Nikhil kohli@LAPTOP-J9ACAO7U MINGW64 ~/projectongit (master)
$ mkdir LocalGit

Nikhil kohli@LAPTOP-J9ACAO7U MINGW64 ~/projectongit (master)
$ cd LocalGit

Nikhil kohli@LAPTOP-J9ACAO7U MINGW64 ~/projectongit/LocalGit (master)
$ mkdir GitRepository

Nikhil kohli@LAPTOP-J9ACAO7U MINGW64 ~/projectongit/LocalGit (master)
$ cd GitRepository

Nikhil kohli@LAPTOP-J9ACAO7U MINGW64 ~/projectongit/LocalGit/GitRepository (master)
$ git init
Initialized empty Git repository in C:/Users/Nikhil kohli/projectongit/LocalGit/GitRepository/.git/

Nikhil kohli@LAPTOP-J9ACAO7U MINGW64 ~/projectongit/LocalGit/GitRepository (master)
$

----------------------------------------------------------------------------

Question 2:

Nikhil kohli@LAPTOP-J9ACAO7U MINGW64 ~/projectongit (master)
$ mkdir LocalGit

Nikhil kohli@LAPTOP-J9ACAO7U MINGW64 ~/projectongit (master)
$ cd LocalGit

Nikhil kohli@LAPTOP-J9ACAO7U MINGW64 ~/projectongit/LocalGit (master)
$ mkdir GitRepository

Nikhil kohli@LAPTOP-J9ACAO7U MINGW64 ~/projectongit/LocalGit (master)
$ cd GitRepository

Nikhil kohli@LAPTOP-J9ACAO7U MINGW64 ~/projectongit/LocalGit/GitRepository (master)
$ git init
Initialized empty Git repository in C:/Users/Nikhil kohli/projectongit/LocalGit/GitRepository/.git/

Nikhil kohli@LAPTOP-J9ACAO7U MINGW64 ~/projectongit/LocalGit/GitRepository (master)
$ git status
On branch master

No commits yet

nothing to commit (create/copy files and use "git add" to track)

Nikhil kohli@LAPTOP-J9ACAO7U MINGW64 ~/projectongit/LocalGit/GitRepository (master)
$ touch file.txt

Nikhil kohli@LAPTOP-J9ACAO7U MINGW64 ~/projectongit/LocalGit/GitRepository (master)
$ ls
file.txt

Nikhil kohli@LAPTOP-J9ACAO7U MINGW64 ~/projectongit/LocalGit/GitRepository (master)
$ cat >>file.txt
hello this is assignment code.

Nikhil kohli@LAPTOP-J9ACAO7U MINGW64 ~/projectongit/LocalGit/GitRepository (master)
$ cat file.txt
hello this is assignment code.

Nikhil kohli@LAPTOP-J9ACAO7U MINGW64 ~/projectongit/LocalGit/GitRepository (master)
$ git status
On branch master

No commits yet

Untracked files:
  (use "git add <file>..." to include in what will be committed)
        file.txt

nothing added to commit but untracked files present (use "git add" to track)

Nikhil kohli@LAPTOP-J9ACAO7U MINGW64 ~/projectongit/LocalGit/GitRepository (master)
$ git add *
warning: LF will be replaced by CRLF in file.txt.
The file will have its original line endings in your working directory

Nikhil kohli@LAPTOP-J9ACAO7U MINGW64 ~/projectongit/LocalGit/GitRepository (master)
$ git add*
git: 'add*' is not a git command. See 'git --help'.

The most similar command is
        add

Nikhil kohli@LAPTOP-J9ACAO7U MINGW64 ~/projectongit/LocalGit/GitRepository (master)
$ git add *

Nikhil kohli@LAPTOP-J9ACAO7U MINGW64 ~/projectongit/LocalGit/GitRepository (master)
$ git status
On branch master

No commits yet

Changes to be committed:
  (use "git rm --cached <file>..." to unstage)
        new file:   file.txt


Nikhil kohli@LAPTOP-J9ACAO7U MINGW64 ~/projectongit/LocalGit/GitRepository (master)
$ git commit-m "initial commit"
git: 'commit-m' is not a git command. See 'git --help'.

The most similar command is
        commit-tree

Nikhil kohli@LAPTOP-J9ACAO7U MINGW64 ~/projectongit/LocalGit/GitRepository (master)
$ git commit -a -m "updated file.txt with a new file"
[master (root-commit) 45aef86] updated file.txt with a new file
 1 file changed, 1 insertion(+)
 create mode 100644 file.txt

Nikhil kohli@LAPTOP-J9ACAO7U MINGW64 ~/projectongit/LocalGit/GitRepository (master)
$ git status
On branch master
nothing to commit, working tree clean

Nikhil kohli@LAPTOP-J9ACAO7U MINGW64 ~/projectongit/LocalGit/GitRepository (master)
$

-----------------------------------------------------------------------------

Question 6. 

List the changes
>> git diff

------------------------------------------------------------------------

Question 7.

 Create branch
>> git branch <branch_name>

----------------------------------------------------------------------------

Question 8. 

Merge branch
>> git checkout master
>> git merge <branch_name>
